<html>
<body>
<pre>
<h1>µVision Build Log</h1>
<h2>Project:</h2>
C:\userdata\it-schueler-00\My Pictures\NWT\M_DONGLE_V2\Black_jack\NWT.uvproj
Project File Date:  03/04/2015

<h2>Output:</h2>
Build target 'NUC130VE3AN'
compiling Project.c...
Project.c(239): warning:  #1-D: last line of file ends without a newline
         
Project.c: 1 warning, 0 errors
linking...
Program Size: Code=9372 RO-data=928 RW-data=56 ZI-data=2376  
".\NWT.axf" - 0 Error(s), 1 Warning(s).
Load "C:\\userdata\\it-schueler-00\\My Pictures\\NWT\\M_DONGLE_V2\\Black_jack\\NWT.axf" 
hueler-00\\My Pictures\\NWT\\M_DONGLE_V2\\Black_jack\\NWT.axf" 
_____^
*** error 56: cannot open file
Error: Flash Download failed  -  Could not load file 'C:\userdata\it-schueler-00\My Pictures\NWT\M_DONGLE_V2\Black_jack\NWT.axf'
g:  #1-D: last line of file ends without a newline
         
Project.c: 2 warnings, 0 errors
"Project.c" - 0 Error(s), 2 Warning(s).
_^
*** error 56: cannot open file
Error: Flash Download failed  -  Could not load file 'C:\userdata\it-schueler-00\My Pictures\NWT\M_DONGLE_V2\Black_jack\NWT.axf'
compiling Project.c...
Project.c(69): warning:  #111-D: statement is unreachable
                if (GET_JOYSTICK()==3)
Project.c(232): error:  #169: expected a declaration
  }     
Project.c(233): warning:  #1-D: last line of file ends without a newline
         
Project.c: 2 warnings, 1 error
"Project.c" - 1 Error(s), 2 Warning(s).
