ARM Linker, 5.03 [Build 76] [MDK-ARM Lite]

==============================================================================

Section Cross References

    project.o(.text) refers to driver_m_dongle.o(.text) for DrvSystem_ClkInit
    project.o(.text) refers to init.o(.text) for Board_Init
    project.o(.text) refers to glcd_nwt.o(.text) for GLCD_Init
    project.o(.text) refers to m_dongle_nwt.o(.text) for GET_JOYSTICK
    project.o(.text) refers to rand.o(.emb_text) for rand
    project.o(.text) refers to aeabi_sdiv.o(.text) for __aeabi_idivmod
    init.o(.text) refers to driver_m_dongle.o(.text) for DrvGPIO_PortOpen
    startup_nuc1xx.o(STACK) refers (Special) to heapauxi.o(.text) for __use_two_region_memory
    startup_nuc1xx.o(HEAP) refers (Special) to heapauxi.o(.text) for __use_two_region_memory
    startup_nuc1xx.o(RESET) refers (Special) to heapauxi.o(.text) for __use_two_region_memory
    startup_nuc1xx.o(RESET) refers to startup_nuc1xx.o(STACK) for __initial_sp
    startup_nuc1xx.o(RESET) refers to startup_nuc1xx.o(.text) for Reset_Handler
    startup_nuc1xx.o(.text) refers (Special) to heapauxi.o(.text) for __use_two_region_memory
    startup_nuc1xx.o(.text) refers to __main.o(!!!main) for __main
    startup_nuc1xx.o(.text) refers to startup_nuc1xx.o(HEAP) for Heap_Mem
    startup_nuc1xx.o(.text) refers to startup_nuc1xx.o(STACK) for Stack_Mem
    driver_m_dongle.o(.text) refers to aeabi_sdiv.o(.text) for __aeabi_uidivmod
    driver_m_dongle.o(.text) refers to driver_m_dongle.o(i.__ARM_common_switch8) for __ARM_common_switch8
    driver_m_dongle.o(.text) refers to driver_m_dongle.o(.data) for gSystemCoreClock
    glcd_nwt.o(.text) refers to driver_m_dongle.o(.text) for DrvSPI3_LCDInit
    glcd_nwt.o(.text) refers to aeabi_sdiv.o(.text) for __aeabi_uidivmod
    glcd_nwt.o(.text) refers to ffixi.o(.text) for __aeabi_f2iz
    glcd_nwt.o(.text) refers to fflti.o(.text) for __aeabi_i2f
    glcd_nwt.o(.text) refers to faddsub.o(x$fpl$frsb) for __aeabi_frsub
    glcd_nwt.o(.text) refers to flef.o(x$fpl$fleqf) for __aeabi_cfcmple
    glcd_nwt.o(.text) refers to fmul.o(x$fpl$fmul) for __aeabi_fmul
    glcd_nwt.o(.text) refers to glcd_nwt.o(.data) for PixColumn
    glcd_nwt.o(.text) refers to glcd_nwt.o(.bss) for Picture
    glcd_nwt.o(.text) refers to glcd_nwt.o(.constdata) for font5x7
    glcd_nwt.o(.text) refers to fdiv.o(.text) for __aeabi_fdiv
    m_dongle_nwt.o(.text) refers to driver_m_dongle.o(.text) for DrvADC_Init
    m_dongle_nwt.o(.text) refers to aeabi_sdiv.o(.text) for __aeabi_uidivmod
    m_dongle_nwt.o(.text) refers to m_dongle_nwt.o(.data) for Flag
    rand.o(.emb_text) refers (Special) to libinit2.o(.ARM.Collect$$libinit$$0000000B) for __rt_lib_init_rand_2
    rand.o(.emb_text) refers to rand.o(.text) for _rand_init
    rand.o(.emb_text) refers to rand.o(.bss) for _random_number_data
    rand.o(.text) refers (Special) to libinit2.o(.ARM.Collect$$libinit$$0000000B) for __rt_lib_init_rand_2
    rand.o(.text) refers to rand.o(.bss) for .bss
    rand.o(.bss) refers (Special) to libinit2.o(.ARM.Collect$$libinit$$0000000B) for __rt_lib_init_rand_2
    __main.o(!!!main) refers to rtentry.o(.ARM.Collect$$rtentry$$00000000) for __rt_entry
    faddsub.o(x$fpl$fadd) refers (Special) to usenofp.o(x$fpl$usenofp) for __I$use$fp
    faddsub.o(x$fpl$fadd) refers to faddsub.o(x$fpl$fsub) for _fsub1
    faddsub.o(x$fpl$frsb) refers (Special) to usenofp.o(x$fpl$usenofp) for __I$use$fp
    faddsub.o(x$fpl$frsb) refers to faddsub.o(x$fpl$fsub) for _fsub1
    faddsub.o(x$fpl$frsb) refers to faddsub.o(x$fpl$fadd) for _fadd1
    faddsub.o(x$fpl$fsub) refers (Special) to usenofp.o(x$fpl$usenofp) for __I$use$fp
    faddsub.o(x$fpl$fsub) refers to faddsub.o(x$fpl$fadd) for _fadd1
    fdiv.o(.text) refers (Special) to usenofp.o(x$fpl$usenofp) for __I$use$fp
    fdiv.o(.text) refers to fdiv.o(.constdata) for .constdata
    fdiv.o(.constdata) refers (Special) to usenofp.o(x$fpl$usenofp) for __I$use$fp
    ffixi.o(.text) refers (Special) to usenofp.o(x$fpl$usenofp) for __I$use$fp
    fflti.o(.text) refers (Special) to usenofp.o(x$fpl$usenofp) for __I$use$fp
    flef.o(x$fpl$fleqf) refers (Special) to usenofp.o(x$fpl$usenofp) for __I$use$fp
    flef.o(x$fpl$fleqf) refers to fcmpin.o(.text) for __fpl_fcmp_InfNaN
    fmul.o(x$fpl$fmul) refers (Special) to usenofp.o(x$fpl$usenofp) for __I$use$fp
    rtentry.o(.ARM.Collect$$rtentry$$00000000) refers (Special) to rtentry2.o(.ARM.Collect$$rtentry$$0000000A) for __rt_entry_li
    rtentry.o(.ARM.Collect$$rtentry$$00000000) refers (Special) to rtentry2.o(.ARM.Collect$$rtentry$$0000000D) for __rt_entry_main
    rtentry.o(.ARM.Collect$$rtentry$$00000000) refers (Special) to rtentry2.o(.ARM.Collect$$rtentry$$0000000C) for __rt_entry_postli_1
    rtentry.o(.ARM.Collect$$rtentry$$00000000) refers (Special) to rtentry2.o(.ARM.Collect$$rtentry$$00000009) for __rt_entry_postsh_1
    rtentry.o(.ARM.Collect$$rtentry$$00000000) refers (Special) to rtentry2.o(.ARM.Collect$$rtentry$$00000002) for __rt_entry_presh_1
    rtentry.o(.ARM.Collect$$rtentry$$00000000) refers (Special) to rtentry4.o(.ARM.Collect$$rtentry$$00000004) for __rt_entry_sh
    aeabi_idiv0_sigfpe.o(.text) refers to rt_div0.o(.text) for __rt_div0
    libinit2.o(.ARM.Collect$$libinit$$0000000B) refers (Weak) to rand.o(.text) for _rand_init
    libinit2.o(.ARM.Collect$$libinit$$0000000E) refers to libinit2.o(.ARM.Collect$$libinit$$0000000D) for .ARM.Collect$$libinit$$0000000D
    libinit2.o(.ARM.Collect$$libinit$$00000010) refers to libinit2.o(.ARM.Collect$$libinit$$0000000D) for .ARM.Collect$$libinit$$0000000D
    libinit2.o(.ARM.Collect$$libinit$$00000012) refers to libinit2.o(.ARM.Collect$$libinit$$0000000D) for .ARM.Collect$$libinit$$0000000D
    libinit2.o(.ARM.Collect$$libinit$$00000014) refers to libinit2.o(.ARM.Collect$$libinit$$0000000D) for .ARM.Collect$$libinit$$0000000D
    libinit2.o(.ARM.Collect$$libinit$$00000016) refers to libinit2.o(.ARM.Collect$$libinit$$0000000D) for .ARM.Collect$$libinit$$0000000D
    libinit2.o(.ARM.Collect$$libinit$$00000024) refers to argv_veneer.o(.text) for __ARM_argv_veneer
    libinit2.o(.ARM.Collect$$libinit$$00000025) refers to argv_veneer.o(.text) for __ARM_argv_veneer
    fcmpin.o(.text) refers (Special) to usenofp.o(x$fpl$usenofp) for __I$use$fp
    fcmpin.o(.text) refers to cmpret.o(.text) for __fpl_cmpreturn
    fcmpin.o(.text) refers to fnan2.o(.text) for __fpl_fcheck_NaN2
    rtentry2.o(.ARM.Collect$$rtentry$$00000008) refers to boardinit2.o(.text) for _platform_post_stackheap_init
    rtentry2.o(.ARM.Collect$$rtentry$$0000000A) refers to libinit.o(.ARM.Collect$$libinit$$00000000) for __rt_lib_init
    rtentry2.o(.ARM.Collect$$rtentry$$0000000B) refers to boardinit3.o(.text) for _platform_post_lib_init
    rtentry2.o(.ARM.Collect$$rtentry$$0000000D) refers to project.o(.text) for main
    rtentry2.o(.ARM.Collect$$rtentry$$0000000D) refers to exit.o(.text) for exit
    rtentry2.o(.ARM.exidx) refers to rtentry2.o(.ARM.Collect$$rtentry$$00000001) for .ARM.Collect$$rtentry$$00000001
    rtentry2.o(.ARM.exidx) refers to rtentry2.o(.ARM.Collect$$rtentry$$00000008) for .ARM.Collect$$rtentry$$00000008
    rtentry2.o(.ARM.exidx) refers to rtentry2.o(.ARM.Collect$$rtentry$$0000000A) for .ARM.Collect$$rtentry$$0000000A
    rtentry2.o(.ARM.exidx) refers to rtentry2.o(.ARM.Collect$$rtentry$$0000000B) for .ARM.Collect$$rtentry$$0000000B
    rtentry2.o(.ARM.exidx) refers to rtentry2.o(.ARM.Collect$$rtentry$$0000000D) for .ARM.Collect$$rtentry$$0000000D
    rtentry4.o(.ARM.Collect$$rtentry$$00000004) refers to sys_stackheap_outer.o(.text) for __user_setup_stackheap
    rtentry4.o(.ARM.exidx) refers to rtentry4.o(.ARM.Collect$$rtentry$$00000004) for .ARM.Collect$$rtentry$$00000004
    rt_div0.o(.text) refers to defsig_fpe_outer.o(.text) for __rt_SIGFPE
    cmpret.o(.text) refers (Special) to usenofp.o(x$fpl$usenofp) for __I$use$fp
    fnan2.o(.text) refers (Special) to usenofp.o(x$fpl$usenofp) for __I$use$fp
    fnan2.o(.text) refers to retnan.o(.text) for __fpl_return_NaN
    sys_stackheap_outer.o(.text) refers to libspace.o(.text) for __user_perproc_libspace
    sys_stackheap_outer.o(.text) refers to startup_nuc1xx.o(.text) for __user_initial_stackheap
    sys_stackheap_outer.o(__vectab_stack_and_reset_area) refers to tempstk.o(.text) for __temporary_stack_top
    sys_stackheap_outer.o(__vectab_stack_and_reset_area) refers to __main.o(!!!main) for __main
    exit.o(.text) refers to rtexit.o(.ARM.Collect$$rtexit$$00000000) for __rt_exit
    defsig_fpe_outer.o(.text) refers to defsig_fpe_inner.o(.text) for __rt_SIGFPE_inner
    defsig_fpe_outer.o(.text) refers to defsig_exit.o(.text) for __sig_exit
    defsig_fpe_formal.o(.text) refers to rt_raise.o(.text) for __rt_raise
    _get_argv_nomalloc.o(.text) refers (Special) to hrguard.o(.text) for __heap_region$guard
    _get_argv_nomalloc.o(.text) refers to defsig_rtmem_outer.o(.text) for __rt_SIGRTMEM
    _get_argv_nomalloc.o(.text) refers to sys_command.o(.text) for _sys_command_string
    libinit.o(.ARM.Collect$$libinit$$00000000) refers (Special) to libinit2.o(.ARM.Collect$$libinit$$0000002C) for __rt_lib_init_alloca_1
    libinit.o(.ARM.Collect$$libinit$$00000000) refers (Special) to libinit2.o(.ARM.Collect$$libinit$$0000002A) for __rt_lib_init_argv_1
    libinit.o(.ARM.Collect$$libinit$$00000000) refers (Special) to libinit2.o(.ARM.Collect$$libinit$$00000019) for __rt_lib_init_atexit_1
    libinit.o(.ARM.Collect$$libinit$$00000000) refers (Special) to libinit2.o(.ARM.Collect$$libinit$$0000001F) for __rt_lib_init_clock_1
    libinit.o(.ARM.Collect$$libinit$$00000000) refers (Special) to libinit2.o(.ARM.Collect$$libinit$$00000030) for __rt_lib_init_cpp_1
    libinit.o(.ARM.Collect$$libinit$$00000000) refers (Special) to libinit2.o(.ARM.Collect$$libinit$$0000002E) for __rt_lib_init_exceptions_1
    libinit.o(.ARM.Collect$$libinit$$00000000) refers (Special) to libinit2.o(.ARM.Collect$$libinit$$00000001) for __rt_lib_init_fp_1
    libinit.o(.ARM.Collect$$libinit$$00000000) refers (Special) to libinit2.o(.ARM.Collect$$libinit$$0000001D) for __rt_lib_init_fp_trap_1
    libinit.o(.ARM.Collect$$libinit$$00000000) refers (Special) to libinit2.o(.ARM.Collect$$libinit$$00000021) for __rt_lib_init_getenv_1
    libinit.o(.ARM.Collect$$libinit$$00000000) refers (Special) to libinit2.o(.ARM.Collect$$libinit$$00000008) for __rt_lib_init_heap_1
    libinit.o(.ARM.Collect$$libinit$$00000000) refers (Special) to libinit2.o(.ARM.Collect$$libinit$$0000000F) for __rt_lib_init_lc_collate_1
    libinit.o(.ARM.Collect$$libinit$$00000000) refers (Special) to libinit2.o(.ARM.Collect$$libinit$$00000011) for __rt_lib_init_lc_ctype_1
    libinit.o(.ARM.Collect$$libinit$$00000000) refers (Special) to libinit2.o(.ARM.Collect$$libinit$$00000013) for __rt_lib_init_lc_monetary_1
    libinit.o(.ARM.Collect$$libinit$$00000000) refers (Special) to libinit2.o(.ARM.Collect$$libinit$$00000015) for __rt_lib_init_lc_numeric_1
    libinit.o(.ARM.Collect$$libinit$$00000000) refers (Special) to libinit2.o(.ARM.Collect$$libinit$$00000017) for __rt_lib_init_lc_time_1
    libinit.o(.ARM.Collect$$libinit$$00000000) refers (Special) to libinit2.o(.ARM.Collect$$libinit$$0000000C) for __rt_lib_init_rand_1
    libinit.o(.ARM.Collect$$libinit$$00000000) refers (Special) to libinit2.o(.ARM.Collect$$libinit$$00000031) for __rt_lib_init_return
    libinit.o(.ARM.Collect$$libinit$$00000000) refers (Special) to libinit2.o(.ARM.Collect$$libinit$$0000001B) for __rt_lib_init_signal_1
    libinit.o(.ARM.Collect$$libinit$$00000000) refers (Special) to libinit2.o(.ARM.Collect$$libinit$$00000023) for __rt_lib_init_stdio_1
    libinit.o(.ARM.Collect$$libinit$$00000000) refers (Special) to libinit2.o(.ARM.Collect$$libinit$$0000000A) for __rt_lib_init_user_alloc_1
    retnan.o(.text) refers (Special) to usenofp.o(x$fpl$usenofp) for __I$use$fp
    retnan.o(.text) refers to cmpret.o(.text) for __fpl_cmpreturn
    sys_command.o(.text) refers (Special) to use_no_semi.o(.text) for __I$use$semihosting
    sys_command.o(.text) refers (Special) to indicate_semi.o(.text) for __semihosting_library_function
    libspace.o(.text) refers to libspace.o(.bss) for __libspace_start
    rtexit.o(.ARM.Collect$$rtexit$$00000000) refers (Special) to rtexit2.o(.ARM.Collect$$rtexit$$00000004) for __rt_exit_exit
    rtexit.o(.ARM.Collect$$rtexit$$00000000) refers (Special) to rtexit2.o(.ARM.Collect$$rtexit$$00000003) for __rt_exit_ls
    rtexit.o(.ARM.Collect$$rtexit$$00000000) refers (Special) to rtexit2.o(.ARM.Collect$$rtexit$$00000002) for __rt_exit_prels_1
    rtexit.o(.ARM.exidx) refers (Special) to rtexit2.o(.ARM.Collect$$rtexit$$00000004) for __rt_exit_exit
    rtexit.o(.ARM.exidx) refers (Special) to rtexit2.o(.ARM.Collect$$rtexit$$00000003) for __rt_exit_ls
    rtexit.o(.ARM.exidx) refers (Special) to rtexit2.o(.ARM.Collect$$rtexit$$00000002) for __rt_exit_prels_1
    rtexit.o(.ARM.exidx) refers to rtexit.o(.ARM.Collect$$rtexit$$00000000) for .ARM.Collect$$rtexit$$00000000
    rt_raise.o(.text) refers to __raise.o(.text) for __raise
    rt_raise.o(.text) refers to sys_exit.o(.text) for _sys_exit
    defsig_exit.o(.text) refers to sys_exit.o(.text) for _sys_exit
    defsig_fpe_inner.o(.text) refers to defsig_general.o(.text) for __default_signal_display
    defsig_rtmem_outer.o(.text) refers to defsig_rtmem_inner.o(.text) for __rt_SIGRTMEM_inner
    defsig_rtmem_outer.o(.text) refers to defsig_exit.o(.text) for __sig_exit
    defsig_rtmem_formal.o(.text) refers to rt_raise.o(.text) for __rt_raise
    sys_exit.o(.text) refers (Special) to use_no_semi.o(.text) for __I$use$semihosting
    sys_exit.o(.text) refers (Special) to indicate_semi.o(.text) for __semihosting_library_function
    rtexit2.o(.ARM.Collect$$rtexit$$00000003) refers to libshutdown.o(.ARM.Collect$$libshutdown$$00000000) for __rt_lib_shutdown
    rtexit2.o(.ARM.Collect$$rtexit$$00000004) refers to sys_exit.o(.text) for _sys_exit
    rtexit2.o(.ARM.exidx) refers to rtexit2.o(.ARM.Collect$$rtexit$$00000001) for .ARM.Collect$$rtexit$$00000001
    rtexit2.o(.ARM.exidx) refers to rtexit2.o(.ARM.Collect$$rtexit$$00000003) for .ARM.Collect$$rtexit$$00000003
    rtexit2.o(.ARM.exidx) refers to rtexit2.o(.ARM.Collect$$rtexit$$00000004) for .ARM.Collect$$rtexit$$00000004
    __raise.o(.text) refers to defsig.o(CL$$defsig) for __default_signal_handler
    defsig_general.o(.text) refers to sys_wrch.o(.text) for _ttywrch
    defsig_rtmem_inner.o(.text) refers to defsig_general.o(.text) for __default_signal_display
    sys_wrch.o(.text) refers (Special) to use_no_semi.o(.text) for __I$use$semihosting
    sys_wrch.o(.text) refers (Special) to indicate_semi.o(.text) for __semihosting_library_function
    defsig.o(CL$$defsig) refers to defsig_fpe_inner.o(.text) for __rt_SIGFPE_inner
    defsig.o(CL$$defsig) refers to defsig_rtmem_inner.o(.text) for __rt_SIGRTMEM_inner
    libshutdown.o(.ARM.Collect$$libshutdown$$00000000) refers (Special) to libshutdown2.o(.ARM.Collect$$libshutdown$$00000006) for __rt_lib_shutdown_fp_trap_1
    libshutdown.o(.ARM.Collect$$libshutdown$$00000000) refers (Special) to libshutdown2.o(.ARM.Collect$$libshutdown$$0000000E) for __rt_lib_shutdown_heap_1
    libshutdown.o(.ARM.Collect$$libshutdown$$00000000) refers (Special) to libshutdown2.o(.ARM.Collect$$libshutdown$$0000000F) for __rt_lib_shutdown_return
    libshutdown.o(.ARM.Collect$$libshutdown$$00000000) refers (Special) to libshutdown2.o(.ARM.Collect$$libshutdown$$00000009) for __rt_lib_shutdown_signal_1
    libshutdown.o(.ARM.Collect$$libshutdown$$00000000) refers (Special) to libshutdown2.o(.ARM.Collect$$libshutdown$$00000003) for __rt_lib_shutdown_stdio_1
    libshutdown.o(.ARM.Collect$$libshutdown$$00000000) refers (Special) to libshutdown2.o(.ARM.Collect$$libshutdown$$0000000B) for __rt_lib_shutdown_user_alloc_1
    defsig_abrt_inner.o(.text) refers to defsig_general.o(.text) for __default_signal_display
    defsig_rtred_inner.o(.text) refers to defsig_general.o(.text) for __default_signal_display
    defsig_stak_inner.o(.text) refers to defsig_general.o(.text) for __default_signal_display
    defsig_pvfn_inner.o(.text) refers to defsig_general.o(.text) for __default_signal_display
    defsig_cppl_inner.o(.text) refers to defsig_general.o(.text) for __default_signal_display
    defsig_segv_inner.o(.text) refers to defsig_general.o(.text) for __default_signal_display
    defsig_other.o(.text) refers to defsig_general.o(.text) for __default_signal_display


==============================================================================

Image Symbol Table

    Local Symbols

    Symbol Name                              Value     Ov Type        Size  Object(Section)

    RESET                                    0x00000000   Section      192  startup_nuc1xx.o(RESET)
    ../clib/angel/boardlib.s                 0x00000000   Number         0  boardinit3.o ABSOLUTE
    ../clib/angel/boardlib.s                 0x00000000   Number         0  boardinit2.o ABSOLUTE
    ../clib/angel/boardlib.s                 0x00000000   Number         0  boardinit1.o ABSOLUTE
    ../clib/angel/boardlib.s                 0x00000000   Number         0  boardshut.o ABSOLUTE
    ../clib/angel/handlers.s                 0x00000000   Number         0  __scatter_zi.o ABSOLUTE
    ../clib/angel/handlers.s                 0x00000000   Number         0  __scatter_copy.o ABSOLUTE
    ../clib/angel/kernel.s                   0x00000000   Number         0  rtexit2.o ABSOLUTE
    ../clib/angel/kernel.s                   0x00000000   Number         0  rtentry4.o ABSOLUTE
    ../clib/angel/kernel.s                   0x00000000   Number         0  rtentry.o ABSOLUTE
    ../clib/angel/kernel.s                   0x00000000   Number         0  rtexit.o ABSOLUTE
    ../clib/angel/kernel.s                   0x00000000   Number         0  rtentry2.o ABSOLUTE
    ../clib/angel/rt.s                       0x00000000   Number         0  aeabi_idiv0_sigfpe.o ABSOLUTE
    ../clib/angel/rt.s                       0x00000000   Number         0  rt_div0.o ABSOLUTE
    ../clib/angel/rt.s                       0x00000000   Number         0  aeabi_idiv0.o ABSOLUTE
    ../clib/angel/rt.s                       0x00000000   Number         0  rt_raise.o ABSOLUTE
    ../clib/angel/scatterp.s                 0x00000000   Number         0  __scatter.o ABSOLUTE
    ../clib/angel/startup.s                  0x00000000   Number         0  __main.o ABSOLUTE
    ../clib/angel/sys.s                      0x00000000   Number         0  sys_stackheap_outer.o ABSOLUTE
    ../clib/angel/sys.s                      0x00000000   Number         0  indicate_semi.o ABSOLUTE
    ../clib/angel/sys.s                      0x00000000   Number         0  use_no_semi.o ABSOLUTE
    ../clib/angel/sys.s                      0x00000000   Number         0  tempstk.o ABSOLUTE
    ../clib/angel/sys.s                      0x00000000   Number         0  libspace.o ABSOLUTE
    ../clib/angel/sysapp.c                   0x00000000   Number         0  sys_wrch.o ABSOLUTE
    ../clib/angel/sysapp.c                   0x00000000   Number         0  sys_command.o ABSOLUTE
    ../clib/angel/sysapp.c                   0x00000000   Number         0  sys_exit.o ABSOLUTE
    ../clib/armsys.c                         0x00000000   Number         0  argv_veneer.o ABSOLUTE
    ../clib/armsys.c                         0x00000000   Number         0  _get_argv_nomalloc.o ABSOLUTE
    ../clib/armsys.c                         0x00000000   Number         0  no_argv.o ABSOLUTE
    ../clib/division.s                       0x00000000   Number         0  aeabi_sdiv.o ABSOLUTE
    ../clib/division.s                       0x00000000   Number         0  aeabi_sdiv_div0.o ABSOLUTE
    ../clib/heapalloc.c                      0x00000000   Number         0  hrguard.o ABSOLUTE
    ../clib/heapaux.c                        0x00000000   Number         0  heapauxi.o ABSOLUTE
    ../clib/libinit.s                        0x00000000   Number         0  libshutdown2.o ABSOLUTE
    ../clib/libinit.s                        0x00000000   Number         0  libshutdown.o ABSOLUTE
    ../clib/libinit.s                        0x00000000   Number         0  libinit.o ABSOLUTE
    ../clib/libinit.s                        0x00000000   Number         0  libinit2.o ABSOLUTE
    ../clib/signal.c                         0x00000000   Number         0  defsig_pvfn_inner.o ABSOLUTE
    ../clib/signal.c                         0x00000000   Number         0  defsig_exit.o ABSOLUTE
    ../clib/signal.c                         0x00000000   Number         0  defsig_fpe_inner.o ABSOLUTE
    ../clib/signal.c                         0x00000000   Number         0  defsig_rtmem_outer.o ABSOLUTE
    ../clib/signal.c                         0x00000000   Number         0  defsig_fpe_formal.o ABSOLUTE
    ../clib/signal.c                         0x00000000   Number         0  defsig_fpe_outer.o ABSOLUTE
    ../clib/signal.c                         0x00000000   Number         0  defsig_rtmem_formal.o ABSOLUTE
    ../clib/signal.c                         0x00000000   Number         0  __raise.o ABSOLUTE
    ../clib/signal.c                         0x00000000   Number         0  defsig_general.o ABSOLUTE
    ../clib/signal.c                         0x00000000   Number         0  defsig_rtmem_inner.o ABSOLUTE
    ../clib/signal.c                         0x00000000   Number         0  defsig_abrt_inner.o ABSOLUTE
    ../clib/signal.c                         0x00000000   Number         0  defsig_rtred_inner.o ABSOLUTE
    ../clib/signal.c                         0x00000000   Number         0  defsig_stak_inner.o ABSOLUTE
    ../clib/signal.c                         0x00000000   Number         0  defsig_cppl_inner.o ABSOLUTE
    ../clib/signal.c                         0x00000000   Number         0  defsig_segv_inner.o ABSOLUTE
    ../clib/signal.c                         0x00000000   Number         0  defsig_other.o ABSOLUTE
    ../clib/signal.s                         0x00000000   Number         0  defsig.o ABSOLUTE
    ../clib/stdlib.c                         0x00000000   Number         0  rand.o ABSOLUTE
    ../clib/stdlib.c                         0x00000000   Number         0  rand.o ABSOLUTE
    ../clib/stdlib.c                         0x00000000   Number         0  exit.o ABSOLUTE
    ../fplib/cfplib/cmpret.c                 0x00000000   Number         0  cmpret.o ABSOLUTE
    ../fplib/cfplib/fcmpin.c                 0x00000000   Number         0  fcmpin.o ABSOLUTE
    ../fplib/cfplib/fdiv.c                   0x00000000   Number         0  fdiv.o ABSOLUTE
    ../fplib/cfplib/ffix.c                   0x00000000   Number         0  ffixi.o ABSOLUTE
    ../fplib/cfplib/fflt.c                   0x00000000   Number         0  fflti.o ABSOLUTE
    ../fplib/cfplib/fpinit.c                 0x00000000   Number         0  fpinit.o ABSOLUTE
    ../fplib/cfplib/nan2.c                   0x00000000   Number         0  fnan2.o ABSOLUTE
    ../fplib/cfplib/retnan.c                 0x00000000   Number         0  retnan.o ABSOLUTE
    ../fplib/faddsub6m.s                     0x00000000   Number         0  faddsub.o ABSOLUTE
    ../fplib/fleqf6m.s                       0x00000000   Number         0  flef.o ABSOLUTE
    ../fplib/fmul6m.s                        0x00000000   Number         0  fmul.o ABSOLUTE
    ../fplib/usenofp.s                       0x00000000   Number         0  usenofp.o ABSOLUTE
    ..\_Driver\Driver_M_Dongle.c             0x00000000   Number         0  driver_m_dongle.o ABSOLUTE
    ..\_Module\GLCD_NWT.c                    0x00000000   Number         0  glcd_nwt.o ABSOLUTE
    ..\_Module\M_DONGLE_NWT.c                0x00000000   Number         0  m_dongle_nwt.o ABSOLUTE
    Project.c                                0x00000000   Number         0  project.o ABSOLUTE
    dc.s                                     0x00000000   Number         0  dc.o ABSOLUTE
    init.c                                   0x00000000   Number         0  init.o ABSOLUTE
    startup_NUC1xx.s                         0x00000000   Number         0  startup_nuc1xx.o ABSOLUTE
    !!!main                                  0x000000c0   Section        8  __main.o(!!!main)
    !!!scatter                               0x000000c8   Section       60  __scatter.o(!!!scatter)
    !!handler_copy                           0x00000104   Section       26  __scatter_copy.o(!!handler_copy)
    !!handler_zi                             0x00000120   Section       28  __scatter_zi.o(!!handler_zi)
    .ARM.Collect$$libinit$$00000000          0x0000013c   Section        2  libinit.o(.ARM.Collect$$libinit$$00000000)
    .ARM.Collect$$libinit$$00000001          0x0000013e   Section        4  libinit2.o(.ARM.Collect$$libinit$$00000001)
    .ARM.Collect$$libinit$$00000008          0x00000142   Section        0  libinit2.o(.ARM.Collect$$libinit$$00000008)
    .ARM.Collect$$libinit$$0000000A          0x00000142   Section        0  libinit2.o(.ARM.Collect$$libinit$$0000000A)
    .ARM.Collect$$libinit$$0000000B          0x00000142   Section        4  libinit2.o(.ARM.Collect$$libinit$$0000000B)
    .ARM.Collect$$libinit$$0000000C          0x00000146   Section        0  libinit2.o(.ARM.Collect$$libinit$$0000000C)
    .ARM.Collect$$libinit$$0000000F          0x00000146   Section        0  libinit2.o(.ARM.Collect$$libinit$$0000000F)
    .ARM.Collect$$libinit$$00000011          0x00000146   Section        0  libinit2.o(.ARM.Collect$$libinit$$00000011)
    .ARM.Collect$$libinit$$00000013          0x00000146   Section        0  libinit2.o(.ARM.Collect$$libinit$$00000013)
    .ARM.Collect$$libinit$$00000015          0x00000146   Section        0  libinit2.o(.ARM.Collect$$libinit$$00000015)
    .ARM.Collect$$libinit$$00000017          0x00000146   Section        0  libinit2.o(.ARM.Collect$$libinit$$00000017)
    .ARM.Collect$$libinit$$00000019          0x00000146   Section        0  libinit2.o(.ARM.Collect$$libinit$$00000019)
    .ARM.Collect$$libinit$$0000001B          0x00000146   Section        0  libinit2.o(.ARM.Collect$$libinit$$0000001B)
    .ARM.Collect$$libinit$$0000001D          0x00000146   Section        0  libinit2.o(.ARM.Collect$$libinit$$0000001D)
    .ARM.Collect$$libinit$$0000001F          0x00000146   Section        0  libinit2.o(.ARM.Collect$$libinit$$0000001F)
    .ARM.Collect$$libinit$$00000021          0x00000146   Section        0  libinit2.o(.ARM.Collect$$libinit$$00000021)
    .ARM.Collect$$libinit$$00000023          0x00000146   Section        0  libinit2.o(.ARM.Collect$$libinit$$00000023)
    .ARM.Collect$$libinit$$0000002A          0x00000146   Section        0  libinit2.o(.ARM.Collect$$libinit$$0000002A)
    .ARM.Collect$$libinit$$0000002C          0x00000146   Section        0  libinit2.o(.ARM.Collect$$libinit$$0000002C)
    .ARM.Collect$$libinit$$0000002E          0x00000146   Section        0  libinit2.o(.ARM.Collect$$libinit$$0000002E)
    .ARM.Collect$$libinit$$00000030          0x00000146   Section        0  libinit2.o(.ARM.Collect$$libinit$$00000030)
    .ARM.Collect$$libinit$$00000031          0x00000146   Section        2  libinit2.o(.ARM.Collect$$libinit$$00000031)
    .ARM.Collect$$libshutdown$$00000000      0x00000148   Section        2  libshutdown.o(.ARM.Collect$$libshutdown$$00000000)
    .ARM.Collect$$libshutdown$$00000003      0x0000014a   Section        0  libshutdown2.o(.ARM.Collect$$libshutdown$$00000003)
    .ARM.Collect$$libshutdown$$00000006      0x0000014a   Section        0  libshutdown2.o(.ARM.Collect$$libshutdown$$00000006)
    .ARM.Collect$$libshutdown$$00000009      0x0000014a   Section        0  libshutdown2.o(.ARM.Collect$$libshutdown$$00000009)
    .ARM.Collect$$libshutdown$$0000000B      0x0000014a   Section        0  libshutdown2.o(.ARM.Collect$$libshutdown$$0000000B)
    .ARM.Collect$$libshutdown$$0000000E      0x0000014a   Section        0  libshutdown2.o(.ARM.Collect$$libshutdown$$0000000E)
    .ARM.Collect$$libshutdown$$0000000F      0x0000014a   Section        2  libshutdown2.o(.ARM.Collect$$libshutdown$$0000000F)
    .ARM.Collect$$rtentry$$00000000          0x0000014c   Section        0  rtentry.o(.ARM.Collect$$rtentry$$00000000)
    .ARM.Collect$$rtentry$$00000002          0x0000014c   Section        0  rtentry2.o(.ARM.Collect$$rtentry$$00000002)
    .ARM.Collect$$rtentry$$00000004          0x0000014c   Section        6  rtentry4.o(.ARM.Collect$$rtentry$$00000004)
    .ARM.Collect$$rtentry$$00000009          0x00000152   Section        0  rtentry2.o(.ARM.Collect$$rtentry$$00000009)
    .ARM.Collect$$rtentry$$0000000A          0x00000152   Section        4  rtentry2.o(.ARM.Collect$$rtentry$$0000000A)
    .ARM.Collect$$rtentry$$0000000C          0x00000156   Section        0  rtentry2.o(.ARM.Collect$$rtentry$$0000000C)
    .ARM.Collect$$rtentry$$0000000D          0x00000156   Section        8  rtentry2.o(.ARM.Collect$$rtentry$$0000000D)
    .ARM.Collect$$rtexit$$00000000           0x0000015e   Section        2  rtexit.o(.ARM.Collect$$rtexit$$00000000)
    .ARM.Collect$$rtexit$$00000002           0x00000160   Section        0  rtexit2.o(.ARM.Collect$$rtexit$$00000002)
    .ARM.Collect$$rtexit$$00000003           0x00000160   Section        4  rtexit2.o(.ARM.Collect$$rtexit$$00000003)
    .ARM.Collect$$rtexit$$00000004           0x00000164   Section        6  rtexit2.o(.ARM.Collect$$rtexit$$00000004)
    .emb_text                                0x0000016c   Section       56  rand.o(.emb_text)
    .text                                    0x000001a4   Section        0  project.o(.text)
    .text                                    0x00000524   Section        0  init.o(.text)
    .text                                    0x000005b4   Section       92  startup_nuc1xx.o(.text)
    Default_Handler                          0x000005db   Thumb Code     2  startup_nuc1xx.o(.text)
    .text                                    0x00000610   Section        0  driver_m_dongle.o(.text)
    .text                                    0x00000f40   Section        0  glcd_nwt.o(.text)
    .text                                    0x00001b30   Section        0  m_dongle_nwt.o(.text)
    .text                                    0x00001db8   Section        0  rand.o(.text)
    .text                                    0x00001df8   Section      346  aeabi_sdiv.o(.text)
    .text                                    0x00001f52   Section        0  heapauxi.o(.text)
    .text                                    0x00001f58   Section        0  fdiv.o(.text)
    .text                                    0x000020b8   Section        0  ffixi.o(.text)
    .text                                    0x00002104   Section        0  fflti.o(.text)
    .text                                    0x00002164   Section        0  fcmpin.o(.text)
    .text                                    0x000021c8   Section        0  cmpret.o(.text)
    .text                                    0x000021f8   Section        0  fnan2.o(.text)
    .text                                    0x00002208   Section       62  sys_stackheap_outer.o(.text)
    .text                                    0x00002246   Section        0  exit.o(.text)
    .text                                    0x00002252   Section        0  retnan.o(.text)
    .text                                    0x000022b0   Section        8  libspace.o(.text)
    .text                                    0x000022b8   Section        0  sys_exit.o(.text)
    .text                                    0x000022c4   Section        2  use_no_semi.o(.text)
    .text                                    0x000022c6   Section        0  indicate_semi.o(.text)
    i.__ARM_common_switch8                   0x000022c6   Section        0  driver_m_dongle.o(i.__ARM_common_switch8)
    x$fpl$fadd                               0x000022e4   Section      140  faddsub.o(x$fpl$fadd)
    _fadd1                                   0x000022f1   Thumb Code     0  faddsub.o(x$fpl$fadd)
    x$fpl$fleqf                              0x00002370   Section       84  flef.o(x$fpl$fleqf)
    x$fpl$fmul                               0x000023c4   Section      176  fmul.o(x$fpl$fmul)
    x$fpl$frsb                               0x00002474   Section       24  faddsub.o(x$fpl$frsb)
    x$fpl$fsub                               0x0000248c   Section      208  faddsub.o(x$fpl$fsub)
    _fsub1                                   0x00002499   Thumb Code     0  faddsub.o(x$fpl$fsub)
    .constdata                               0x0000255c   Section      640  glcd_nwt.o(.constdata)
    x$fpl$usenofp                            0x0000255c   Section        0  usenofp.o(x$fpl$usenofp)
    .constdata                               0x000027dc   Section       64  fdiv.o(.constdata)
    fdiv_tab                                 0x000027dc   Data          64  fdiv.o(.constdata)
    .data                                    0x20000000   Section       36  driver_m_dongle.o(.data)
    .data                                    0x20000024   Section       16  glcd_nwt.o(.data)
    .data                                    0x20000034   Section        1  m_dongle_nwt.o(.data)
    Flag                                     0x20000034   Data           1  m_dongle_nwt.o(.data)
    .bss                                     0x20000038   Section     1024  glcd_nwt.o(.bss)
    .bss                                     0x20000438   Section      228  rand.o(.bss)
    .bss                                     0x2000051c   Section       96  libspace.o(.bss)
    HEAP                                     0x20000580   Section        0  startup_nuc1xx.o(HEAP)
    STACK                                    0x20000580   Section     1024  startup_nuc1xx.o(STACK)
    Heap_Mem                                 0x20000580   Data           0  startup_nuc1xx.o(HEAP)
    Stack_Mem                                0x20000580   Data        1024  startup_nuc1xx.o(STACK)
    __initial_sp                             0x20000980   Data           0  startup_nuc1xx.o(STACK)

    Global Symbols

    Symbol Name                              Value     Ov Type        Size  Object(Section)

    BuildAttributes$$THM_ISAv3M$S$PE$A:L22$X:L11$S22$IEEE1$IW$USESV6$~STKCKD$USESV7$~SHL$OSPACE$ROPI$EBA8$UX$STANDARDLIB$REQ8$PRES8$EABIv2 0x00000000   Number         0  anon$$obj.o ABSOLUTE
    __ARM_use_no_argv                        0x00000000   Number         0  project.o ABSOLUTE
    __Vectors                                0x00000000   Data           4  startup_nuc1xx.o(RESET)
    __ARM_exceptions_init                     - Undefined Weak Reference
    __alloca_initialize                       - Undefined Weak Reference
    __cpp_initialize__aeabi_                  - Undefined Weak Reference
    __cxa_finalize                            - Undefined Weak Reference
    __rt_locale                               - Undefined Weak Reference
    __sigvec_lookup                           - Undefined Weak Reference
    _atexit_init                              - Undefined Weak Reference
    _call_atexit_fns                          - Undefined Weak Reference
    _clock_init                               - Undefined Weak Reference
    _fp_trap_init                             - Undefined Weak Reference
    _fp_trap_shutdown                         - Undefined Weak Reference
    _get_lc_collate                           - Undefined Weak Reference
    _get_lc_ctype                             - Undefined Weak Reference
    _get_lc_monetary                          - Undefined Weak Reference
    _get_lc_numeric                           - Undefined Weak Reference
    _get_lc_time                              - Undefined Weak Reference
    _getenv_init                              - Undefined Weak Reference
    _handle_redirection                       - Undefined Weak Reference
    _init_alloc                               - Undefined Weak Reference
    _init_user_alloc                          - Undefined Weak Reference
    _initio                                   - Undefined Weak Reference
    _signal_finish                            - Undefined Weak Reference
    _signal_init                              - Undefined Weak Reference
    _terminate_alloc                          - Undefined Weak Reference
    _terminate_user_alloc                     - Undefined Weak Reference
    _terminateio                              - Undefined Weak Reference
    __main                                   0x000000c1   Thumb Code     8  __main.o(!!!main)
    __scatterload                            0x000000c9   Thumb Code     0  __scatter.o(!!!scatter)
    __scatterload_rt2                        0x000000c9   Thumb Code    52  __scatter.o(!!!scatter)
    __scatterload_rt2_thumb_only             0x000000c9   Thumb Code     0  __scatter.o(!!!scatter)
    __scatterload_null                       0x000000d9   Thumb Code     0  __scatter.o(!!!scatter)
    __scatterload_copy                       0x00000105   Thumb Code    26  __scatter_copy.o(!!handler_copy)
    __scatterload_zeroinit                   0x00000121   Thumb Code    28  __scatter_zi.o(!!handler_zi)
    __rt_lib_init                            0x0000013d   Thumb Code     0  libinit.o(.ARM.Collect$$libinit$$00000000)
    __rt_lib_init_fp_1                       0x0000013f   Thumb Code     0  libinit2.o(.ARM.Collect$$libinit$$00000001)
    __rt_lib_init_heap_1                     0x00000143   Thumb Code     0  libinit2.o(.ARM.Collect$$libinit$$00000008)
    __rt_lib_init_rand_2                     0x00000143   Thumb Code     0  libinit2.o(.ARM.Collect$$libinit$$0000000B)
    __rt_lib_init_user_alloc_1               0x00000143   Thumb Code     0  libinit2.o(.ARM.Collect$$libinit$$0000000A)
    __rt_lib_init_alloca_1                   0x00000147   Thumb Code     0  libinit2.o(.ARM.Collect$$libinit$$0000002C)
    __rt_lib_init_argv_1                     0x00000147   Thumb Code     0  libinit2.o(.ARM.Collect$$libinit$$0000002A)
    __rt_lib_init_atexit_1                   0x00000147   Thumb Code     0  libinit2.o(.ARM.Collect$$libinit$$00000019)
    __rt_lib_init_clock_1                    0x00000147   Thumb Code     0  libinit2.o(.ARM.Collect$$libinit$$0000001F)
    __rt_lib_init_cpp_1                      0x00000147   Thumb Code     0  libinit2.o(.ARM.Collect$$libinit$$00000030)
    __rt_lib_init_exceptions_1               0x00000147   Thumb Code     0  libinit2.o(.ARM.Collect$$libinit$$0000002E)
    __rt_lib_init_fp_trap_1                  0x00000147   Thumb Code     0  libinit2.o(.ARM.Collect$$libinit$$0000001D)
    __rt_lib_init_getenv_1                   0x00000147   Thumb Code     0  libinit2.o(.ARM.Collect$$libinit$$00000021)
    __rt_lib_init_lc_collate_1               0x00000147   Thumb Code     0  libinit2.o(.ARM.Collect$$libinit$$0000000F)
    __rt_lib_init_lc_ctype_1                 0x00000147   Thumb Code     0  libinit2.o(.ARM.Collect$$libinit$$00000011)
    __rt_lib_init_lc_monetary_1              0x00000147   Thumb Code     0  libinit2.o(.ARM.Collect$$libinit$$00000013)
    __rt_lib_init_lc_numeric_1               0x00000147   Thumb Code     0  libinit2.o(.ARM.Collect$$libinit$$00000015)
    __rt_lib_init_lc_time_1                  0x00000147   Thumb Code     0  libinit2.o(.ARM.Collect$$libinit$$00000017)
    __rt_lib_init_rand_1                     0x00000147   Thumb Code     0  libinit2.o(.ARM.Collect$$libinit$$0000000C)
    __rt_lib_init_return                     0x00000147   Thumb Code     0  libinit2.o(.ARM.Collect$$libinit$$00000031)
    __rt_lib_init_signal_1                   0x00000147   Thumb Code     0  libinit2.o(.ARM.Collect$$libinit$$0000001B)
    __rt_lib_init_stdio_1                    0x00000147   Thumb Code     0  libinit2.o(.ARM.Collect$$libinit$$00000023)
    __rt_lib_shutdown                        0x00000149   Thumb Code     0  libshutdown.o(.ARM.Collect$$libshutdown$$00000000)
    __rt_lib_shutdown_fp_trap_1              0x0000014b   Thumb Code     0  libshutdown2.o(.ARM.Collect$$libshutdown$$00000006)
    __rt_lib_shutdown_heap_1                 0x0000014b   Thumb Code     0  libshutdown2.o(.ARM.Collect$$libshutdown$$0000000E)
    __rt_lib_shutdown_return                 0x0000014b   Thumb Code     0  libshutdown2.o(.ARM.Collect$$libshutdown$$0000000F)
    __rt_lib_shutdown_signal_1               0x0000014b   Thumb Code     0  libshutdown2.o(.ARM.Collect$$libshutdown$$00000009)
    __rt_lib_shutdown_stdio_1                0x0000014b   Thumb Code     0  libshutdown2.o(.ARM.Collect$$libshutdown$$00000003)
    __rt_lib_shutdown_user_alloc_1           0x0000014b   Thumb Code     0  libshutdown2.o(.ARM.Collect$$libshutdown$$0000000B)
    __rt_entry                               0x0000014d   Thumb Code     0  rtentry.o(.ARM.Collect$$rtentry$$00000000)
    __rt_entry_presh_1                       0x0000014d   Thumb Code     0  rtentry2.o(.ARM.Collect$$rtentry$$00000002)
    __rt_entry_sh                            0x0000014d   Thumb Code     0  rtentry4.o(.ARM.Collect$$rtentry$$00000004)
    __rt_entry_li                            0x00000153   Thumb Code     0  rtentry2.o(.ARM.Collect$$rtentry$$0000000A)
    __rt_entry_postsh_1                      0x00000153   Thumb Code     0  rtentry2.o(.ARM.Collect$$rtentry$$00000009)
    __rt_entry_main                          0x00000157   Thumb Code     0  rtentry2.o(.ARM.Collect$$rtentry$$0000000D)
    __rt_entry_postli_1                      0x00000157   Thumb Code     0  rtentry2.o(.ARM.Collect$$rtentry$$0000000C)
    __rt_exit                                0x0000015f   Thumb Code     0  rtexit.o(.ARM.Collect$$rtexit$$00000000)
    __rt_exit_ls                             0x00000161   Thumb Code     0  rtexit2.o(.ARM.Collect$$rtexit$$00000003)
    __rt_exit_prels_1                        0x00000161   Thumb Code     0  rtexit2.o(.ARM.Collect$$rtexit$$00000002)
    __rt_exit_exit                           0x00000165   Thumb Code     0  rtexit2.o(.ARM.Collect$$rtexit$$00000004)
    rand                                     0x0000016d   Thumb Code    52  rand.o(.emb_text)
    main                                     0x000001a5   Thumb Code   726  project.o(.text)
    Board_Init                               0x00000525   Thumb Code   140  init.o(.text)
    Reset_Handler                            0x000005b5   Thumb Code    28  startup_nuc1xx.o(.text)
    NMI_Handler                              0x000005d1   Thumb Code     2  startup_nuc1xx.o(.text)
    HardFault_Handler                        0x000005d3   Thumb Code     2  startup_nuc1xx.o(.text)
    SVC_Handler                              0x000005d5   Thumb Code     2  startup_nuc1xx.o(.text)
    PendSV_Handler                           0x000005d7   Thumb Code     2  startup_nuc1xx.o(.text)
    SysTick_Handler                          0x000005d9   Thumb Code     2  startup_nuc1xx.o(.text)
    ACMP_IRQHandler                          0x000005db   Thumb Code     0  startup_nuc1xx.o(.text)
    ADC_IRQHandler                           0x000005db   Thumb Code     0  startup_nuc1xx.o(.text)
    BOD_IRQHandler                           0x000005db   Thumb Code     0  startup_nuc1xx.o(.text)
    CAN0_IRQHandler                          0x000005db   Thumb Code     0  startup_nuc1xx.o(.text)
    EINT0_IRQHandler                         0x000005db   Thumb Code     0  startup_nuc1xx.o(.text)
    EINT1_IRQHandler                         0x000005db   Thumb Code     0  startup_nuc1xx.o(.text)
    GPAB_IRQHandler                          0x000005db   Thumb Code     0  startup_nuc1xx.o(.text)
    GPCDE_IRQHandler                         0x000005db   Thumb Code     0  startup_nuc1xx.o(.text)
    I2C0_IRQHandler                          0x000005db   Thumb Code     0  startup_nuc1xx.o(.text)
    I2C1_IRQHandler                          0x000005db   Thumb Code     0  startup_nuc1xx.o(.text)
    I2S_IRQHandler                           0x000005db   Thumb Code     0  startup_nuc1xx.o(.text)
    PDMA_IRQHandler                          0x000005db   Thumb Code     0  startup_nuc1xx.o(.text)
    PS2_IRQHandler                           0x000005db   Thumb Code     0  startup_nuc1xx.o(.text)
    PWMA_IRQHandler                          0x000005db   Thumb Code     0  startup_nuc1xx.o(.text)
    PWMB_IRQHandler                          0x000005db   Thumb Code     0  startup_nuc1xx.o(.text)
    PWRWU_IRQHandler                         0x000005db   Thumb Code     0  startup_nuc1xx.o(.text)
    RTC_IRQHandler                           0x000005db   Thumb Code     0  startup_nuc1xx.o(.text)
    SPI0_IRQHandler                          0x000005db   Thumb Code     0  startup_nuc1xx.o(.text)
    SPI1_IRQHandler                          0x000005db   Thumb Code     0  startup_nuc1xx.o(.text)
    SPI2_IRQHandler                          0x000005db   Thumb Code     0  startup_nuc1xx.o(.text)
    SPI3_IRQHandler                          0x000005db   Thumb Code     0  startup_nuc1xx.o(.text)
    TMR0_IRQHandler                          0x000005db   Thumb Code     0  startup_nuc1xx.o(.text)
    TMR1_IRQHandler                          0x000005db   Thumb Code     0  startup_nuc1xx.o(.text)
    TMR2_IRQHandler                          0x000005db   Thumb Code     0  startup_nuc1xx.o(.text)
    TMR3_IRQHandler                          0x000005db   Thumb Code     0  startup_nuc1xx.o(.text)
    UART02_IRQHandler                        0x000005db   Thumb Code     0  startup_nuc1xx.o(.text)
    UART1_IRQHandler                         0x000005db   Thumb Code     0  startup_nuc1xx.o(.text)
    USBD_IRQHandler                          0x000005db   Thumb Code     0  startup_nuc1xx.o(.text)
    WDT_IRQHandler                           0x000005db   Thumb Code     0  startup_nuc1xx.o(.text)
    __user_initial_stackheap                 0x000005dd   Thumb Code     0  startup_nuc1xx.o(.text)
    Calc_SPI_Divider                         0x00000611   Thumb Code    32  driver_m_dongle.o(.text)
    Get_StringLen                            0x00000631   Thumb Code    16  driver_m_dongle.o(.text)
    DrvSystem_Wait_us                        0x00000641   Thumb Code    16  driver_m_dongle.o(.text)
    DrvSystem_Delay                          0x00000651   Thumb Code    46  driver_m_dongle.o(.text)
    DrvTimer1_Delay                          0x0000067f   Thumb Code    46  driver_m_dongle.o(.text)
    DrvSystem_ProtectedRegisterUnlock        0x000006ad   Thumb Code    16  driver_m_dongle.o(.text)
    DrvSystem_ClkInit                        0x000006bd   Thumb Code   256  driver_m_dongle.o(.text)
    DrvTimer0_Init                           0x000007bd   Thumb Code    84  driver_m_dongle.o(.text)
    DrvTimer1_Init                           0x00000811   Thumb Code    82  driver_m_dongle.o(.text)
    DrvSystem_HClkSet                        0x00000863   Thumb Code   484  driver_m_dongle.o(.text)
    DrvGPIO_PortOpen                         0x00000a47   Thumb Code   104  driver_m_dongle.o(.text)
    DrvADC_Init                              0x00000aaf   Thumb Code   230  driver_m_dongle.o(.text)
    DrvUART2_Init                            0x00000b95   Thumb Code   198  driver_m_dongle.o(.text)
    DrvUART2_Write                           0x00000c5b   Thumb Code    38  driver_m_dongle.o(.text)
    DrvSPI2_Init                             0x00000c81   Thumb Code   298  driver_m_dongle.o(.text)
    DrvSPI3_LCDInit                          0x00000dab   Thumb Code   300  driver_m_dongle.o(.text)
    DrvGPIO_SetBit                           0x00000ed7   Thumb Code    20  driver_m_dongle.o(.text)
    DrvGPIO_GetBit                           0x00000eeb   Thumb Code    26  driver_m_dongle.o(.text)
    DrvGPIO_ClearBit                         0x00000f05   Thumb Code    20  driver_m_dongle.o(.text)
    DrvSysTick_Init_ms                       0x00000f19   Thumb Code    22  driver_m_dongle.o(.text)
    SPI3_SingleWrite_Data                    0x00000f41   Thumb Code    30  glcd_nwt.o(.text)
    GLCD_SetColumn                           0x00000f5f   Thumb Code    54  glcd_nwt.o(.text)
    GLCD_SetRow                              0x00000f95   Thumb Code    30  glcd_nwt.o(.text)
    GLCD_SetTextCursor                       0x00000fb3   Thumb Code    24  glcd_nwt.o(.text)
    GLCD_ClearRow                            0x00000fcb   Thumb Code    46  glcd_nwt.o(.text)
    GLCD_ClearLCD                            0x00000ff9   Thumb Code    22  glcd_nwt.o(.text)
    GLCD_Init                                0x0000100f   Thumb Code    38  glcd_nwt.o(.text)
    GLCD_PrintChar                           0x00001035   Thumb Code    76  glcd_nwt.o(.text)
    GLCD_PrintText                           0x00001081   Thumb Code    46  glcd_nwt.o(.text)
    GLCD_PrintCharInvers                     0x000010af   Thumb Code    64  glcd_nwt.o(.text)
    GLCD_PrintTextInvers                     0x000010ef   Thumb Code    46  glcd_nwt.o(.text)
    GLCD_Print_uint32                        0x0000111d   Thumb Code   386  glcd_nwt.o(.text)
    GLCD_PrintInt                            0x0000129f   Thumb Code    24  glcd_nwt.o(.text)
    GLCD_PrintFloat                          0x000012b7   Thumb Code   166  glcd_nwt.o(.text)
    GLCD_Print_uint8_2                       0x0000135d   Thumb Code    54  glcd_nwt.o(.text)
    GLCD_PrintIntStellen                     0x00001393   Thumb Code   362  glcd_nwt.o(.text)
    GLCD_PrintHex                            0x000014fd   Thumb Code   286  glcd_nwt.o(.text)
    GLCD_PrintCompletePicture                0x0000161b   Thumb Code    58  glcd_nwt.o(.text)
    GLCD_ClearPixel                          0x00001655   Thumb Code   112  glcd_nwt.o(.text)
    GLCD_SetPixel                            0x000016c5   Thumb Code   112  glcd_nwt.o(.text)
    GLCD_PrintPicture                        0x00001735   Thumb Code   110  glcd_nwt.o(.text)
    GLCD_WriteLine                           0x000017a3   Thumb Code   732  glcd_nwt.o(.text)
    GLCD_BackgroundSetColor                  0x00001a7f   Thumb Code   102  glcd_nwt.o(.text)
    GLCD_BackgroundInit                      0x00001ae5   Thumb Code    76  glcd_nwt.o(.text)
    GET_POTI                                 0x00001b31   Thumb Code    88  m_dongle_nwt.o(.text)
    GET_ADC                                  0x00001b89   Thumb Code   118  m_dongle_nwt.o(.text)
    SET_LEDS                                 0x00001bff   Thumb Code    10  m_dongle_nwt.o(.text)
    CLEAR_LED                                0x00001c09   Thumb Code    16  m_dongle_nwt.o(.text)
    SET_LED                                  0x00001c19   Thumb Code    16  m_dongle_nwt.o(.text)
    GET_JOYSTICK                             0x00001c29   Thumb Code    64  m_dongle_nwt.o(.text)
    SW2_WAIT_PUSHDOWN                        0x00001c69   Thumb Code    44  m_dongle_nwt.o(.text)
    SW3_WAIT_PUSHDOWN                        0x00001c95   Thumb Code    44  m_dongle_nwt.o(.text)
    SW2_WAIT_OPEN                            0x00001cc1   Thumb Code    44  m_dongle_nwt.o(.text)
    SW3_WAIT_OPEN                            0x00001ced   Thumb Code    44  m_dongle_nwt.o(.text)
    GET_SW2                                  0x00001d19   Thumb Code    22  m_dongle_nwt.o(.text)
    GET_SW3                                  0x00001d2f   Thumb Code    22  m_dongle_nwt.o(.text)
    WAIT_uS                                  0x00001d45   Thumb Code    30  m_dongle_nwt.o(.text)
    WAIT_mS                                  0x00001d63   Thumb Code    24  m_dongle_nwt.o(.text)
    INVERT_SPK                               0x00001d7b   Thumb Code    48  m_dongle_nwt.o(.text)
    srand                                    0x00001db9   Thumb Code    46  rand.o(.text)
    _rand_init                               0x00001de7   Thumb Code     4  rand.o(.text)
    __aeabi_uidiv                            0x00001df9   Thumb Code     0  aeabi_sdiv.o(.text)
    __aeabi_uidivmod                         0x00001df9   Thumb Code    20  aeabi_sdiv.o(.text)
    __aeabi_idiv                             0x00001e0d   Thumb Code     0  aeabi_sdiv.o(.text)
    __aeabi_idivmod                          0x00001e0d   Thumb Code   326  aeabi_sdiv.o(.text)
    __use_two_region_memory                  0x00001f53   Thumb Code     2  heapauxi.o(.text)
    __rt_heap_escrow$2region                 0x00001f55   Thumb Code     2  heapauxi.o(.text)
    __rt_heap_expand$2region                 0x00001f57   Thumb Code     2  heapauxi.o(.text)
    __aeabi_fdiv                             0x00001f59   Thumb Code     0  fdiv.o(.text)
    _fdiv                                    0x00001f59   Thumb Code   336  fdiv.o(.text)
    _frdiv                                   0x000020a9   Thumb Code     8  fdiv.o(.text)
    __aeabi_f2iz                             0x000020b9   Thumb Code     0  ffixi.o(.text)
    _ffix                                    0x000020b9   Thumb Code    76  ffixi.o(.text)
    __aeabi_i2f_normalise                    0x00002105   Thumb Code    72  fflti.o(.text)
    __aeabi_i2f                              0x0000214d   Thumb Code    16  fflti.o(.text)
    _fflt                                    0x0000214d   Thumb Code     0  fflti.o(.text)
    __aeabi_ui2f                             0x0000215d   Thumb Code     6  fflti.o(.text)
    _ffltu                                   0x0000215d   Thumb Code     0  fflti.o(.text)
    __fpl_fcmp_InfNaN                        0x00002165   Thumb Code    96  fcmpin.o(.text)
    __fpl_cmpreturn                          0x000021c9   Thumb Code    42  cmpret.o(.text)
    __fpl_fcheck_NaN2                        0x000021f9   Thumb Code    10  fnan2.o(.text)
    __user_setup_stackheap                   0x00002209   Thumb Code    62  sys_stackheap_outer.o(.text)
    exit                                     0x00002247   Thumb Code    12  exit.o(.text)
    __fpl_return_NaN                         0x00002253   Thumb Code    94  retnan.o(.text)
    __user_libspace                          0x000022b1   Thumb Code     8  libspace.o(.text)
    __user_perproc_libspace                  0x000022b1   Thumb Code     0  libspace.o(.text)
    __user_perthread_libspace                0x000022b1   Thumb Code     0  libspace.o(.text)
    _sys_exit                                0x000022b9   Thumb Code     8  sys_exit.o(.text)
    __I$use$semihosting                      0x000022c5   Thumb Code     0  use_no_semi.o(.text)
    __use_no_semihosting_swi                 0x000022c5   Thumb Code     2  use_no_semi.o(.text)
    __ARM_common_switch8                     0x000022c7   Thumb Code    28  driver_m_dongle.o(i.__ARM_common_switch8)
    __semihosting_library_function           0x000022c7   Thumb Code     0  indicate_semi.o(.text)
    __aeabi_fadd                             0x000022e5   Thumb Code     0  faddsub.o(x$fpl$fadd)
    _fadd                                    0x000022e5   Thumb Code   134  faddsub.o(x$fpl$fadd)
    __aeabi_cfcmple                          0x00002371   Thumb Code     0  flef.o(x$fpl$fleqf)
    _fcmple                                  0x00002371   Thumb Code    78  flef.o(x$fpl$fleqf)
    __aeabi_fmul                             0x000023c5   Thumb Code     0  fmul.o(x$fpl$fmul)
    _fmul                                    0x000023c5   Thumb Code   172  fmul.o(x$fpl$fmul)
    __aeabi_frsub                            0x00002475   Thumb Code     0  faddsub.o(x$fpl$frsb)
    _frsb                                    0x00002475   Thumb Code    24  faddsub.o(x$fpl$frsb)
    __aeabi_fsub                             0x0000248d   Thumb Code     0  faddsub.o(x$fpl$fsub)
    _fsub                                    0x0000248d   Thumb Code   204  faddsub.o(x$fpl$fsub)
    __I$use$fp                               0x0000255c   Number         0  usenofp.o(x$fpl$usenofp)
    font5x7                                  0x0000255c   Data         640  glcd_nwt.o(.constdata)
    Region$$Table$$Base                      0x0000281c   Number         0  anon$$obj.o(Region$$Table)
    Region$$Table$$Limit                     0x0000283c   Number         0  anon$$obj.o(Region$$Table)
    gSystemCoreClock                         0x20000000   Data           4  driver_m_dongle.o(.data)
    gCyclesPerUs                             0x20000004   Data           4  driver_m_dongle.o(.data)
    gau32ClkSrcTbl                           0x20000008   Data          20  driver_m_dongle.o(.data)
    gSystemOverview                          0x2000001c   Data           8  driver_m_dongle.o(.data)
    PixRow                                   0x20000024   Data           1  glcd_nwt.o(.data)
    PixColumn                                0x20000025   Data           1  glcd_nwt.o(.data)
    aui8LCDInit                              0x20000026   Data          14  glcd_nwt.o(.data)
    Picture                                  0x20000038   Data        1024  glcd_nwt.o(.bss)
    _random_number_data                      0x20000438   Data         228  rand.o(.bss)
    __libspace_start                         0x2000051c   Data          96  libspace.o(.bss)
    __temporary_stack_top$libspace           0x2000057c   Data           0  libspace.o(.bss)



==============================================================================

Memory Map of the image

  Image Entry point : 0x000005b5

  Load Region LR_1 (Base: 0x00000000, Size: 0x00002874, Max: 0xffffffff, ABSOLUTE)

    Execution Region ER_RO (Base: 0x00000000, Size: 0x0000283c, Max: 0xffffffff, ABSOLUTE)

    Base Addr    Size         Type   Attr      Idx    E Section Name        Object

    0x00000000   0x000000c0   Data   RO           58    RESET               startup_nuc1xx.o
    0x000000c0   0x00000008   Code   RO          155  * !!!main             c_p.l(__main.o)
    0x000000c8   0x0000003c   Code   RO          347    !!!scatter          c_p.l(__scatter.o)
    0x00000104   0x0000001a   Code   RO          349    !!handler_copy      c_p.l(__scatter_copy.o)
    0x0000011e   0x00000002   PAD
    0x00000120   0x0000001c   Code   RO          351    !!handler_zi        c_p.l(__scatter_zi.o)
    0x0000013c   0x00000002   Code   RO          268    .ARM.Collect$$libinit$$00000000  c_p.l(libinit.o)
    0x0000013e   0x00000004   Code   RO          179    .ARM.Collect$$libinit$$00000001  c_p.l(libinit2.o)
    0x00000142   0x00000000   Code   RO          183    .ARM.Collect$$libinit$$00000008  c_p.l(libinit2.o)
    0x00000142   0x00000000   Code   RO          185    .ARM.Collect$$libinit$$0000000A  c_p.l(libinit2.o)
    0x00000142   0x00000004   Code   RO          186    .ARM.Collect$$libinit$$0000000B  c_p.l(libinit2.o)
    0x00000146   0x00000000   Code   RO          187    .ARM.Collect$$libinit$$0000000C  c_p.l(libinit2.o)
    0x00000146   0x00000000   Code   RO          190    .ARM.Collect$$libinit$$0000000F  c_p.l(libinit2.o)
    0x00000146   0x00000000   Code   RO          192    .ARM.Collect$$libinit$$00000011  c_p.l(libinit2.o)
    0x00000146   0x00000000   Code   RO          194    .ARM.Collect$$libinit$$00000013  c_p.l(libinit2.o)
    0x00000146   0x00000000   Code   RO          196    .ARM.Collect$$libinit$$00000015  c_p.l(libinit2.o)
    0x00000146   0x00000000   Code   RO          198    .ARM.Collect$$libinit$$00000017  c_p.l(libinit2.o)
    0x00000146   0x00000000   Code   RO          200    .ARM.Collect$$libinit$$00000019  c_p.l(libinit2.o)
    0x00000146   0x00000000   Code   RO          202    .ARM.Collect$$libinit$$0000001B  c_p.l(libinit2.o)
    0x00000146   0x00000000   Code   RO          204    .ARM.Collect$$libinit$$0000001D  c_p.l(libinit2.o)
    0x00000146   0x00000000   Code   RO          206    .ARM.Collect$$libinit$$0000001F  c_p.l(libinit2.o)
    0x00000146   0x00000000   Code   RO          208    .ARM.Collect$$libinit$$00000021  c_p.l(libinit2.o)
    0x00000146   0x00000000   Code   RO          210    .ARM.Collect$$libinit$$00000023  c_p.l(libinit2.o)
    0x00000146   0x00000000   Code   RO          214    .ARM.Collect$$libinit$$0000002A  c_p.l(libinit2.o)
    0x00000146   0x00000000   Code   RO          216    .ARM.Collect$$libinit$$0000002C  c_p.l(libinit2.o)
    0x00000146   0x00000000   Code   RO          218    .ARM.Collect$$libinit$$0000002E  c_p.l(libinit2.o)
    0x00000146   0x00000000   Code   RO          220    .ARM.Collect$$libinit$$00000030  c_p.l(libinit2.o)
    0x00000146   0x00000002   Code   RO          221    .ARM.Collect$$libinit$$00000031  c_p.l(libinit2.o)
    0x00000148   0x00000002   Code   RO          315    .ARM.Collect$$libshutdown$$00000000  c_p.l(libshutdown.o)
    0x0000014a   0x00000000   Code   RO          332    .ARM.Collect$$libshutdown$$00000003  c_p.l(libshutdown2.o)
    0x0000014a   0x00000000   Code   RO          335    .ARM.Collect$$libshutdown$$00000006  c_p.l(libshutdown2.o)
    0x0000014a   0x00000000   Code   RO          338    .ARM.Collect$$libshutdown$$00000009  c_p.l(libshutdown2.o)
    0x0000014a   0x00000000   Code   RO          340    .ARM.Collect$$libshutdown$$0000000B  c_p.l(libshutdown2.o)
    0x0000014a   0x00000000   Code   RO          343    .ARM.Collect$$libshutdown$$0000000E  c_p.l(libshutdown2.o)
    0x0000014a   0x00000002   Code   RO          344    .ARM.Collect$$libshutdown$$0000000F  c_p.l(libshutdown2.o)
    0x0000014c   0x00000000   Code   RO          174    .ARM.Collect$$rtentry$$00000000  c_p.l(rtentry.o)
    0x0000014c   0x00000000   Code   RO          226    .ARM.Collect$$rtentry$$00000002  c_p.l(rtentry2.o)
    0x0000014c   0x00000006   Code   RO          238    .ARM.Collect$$rtentry$$00000004  c_p.l(rtentry4.o)
    0x00000152   0x00000000   Code   RO          228    .ARM.Collect$$rtentry$$00000009  c_p.l(rtentry2.o)
    0x00000152   0x00000004   Code   RO          229    .ARM.Collect$$rtentry$$0000000A  c_p.l(rtentry2.o)
    0x00000156   0x00000000   Code   RO          231    .ARM.Collect$$rtentry$$0000000C  c_p.l(rtentry2.o)
    0x00000156   0x00000008   Code   RO          232    .ARM.Collect$$rtentry$$0000000D  c_p.l(rtentry2.o)
    0x0000015e   0x00000002   Code   RO          277    .ARM.Collect$$rtexit$$00000000  c_p.l(rtexit.o)
    0x00000160   0x00000000   Code   RO          297    .ARM.Collect$$rtexit$$00000002  c_p.l(rtexit2.o)
    0x00000160   0x00000004   Code   RO          298    .ARM.Collect$$rtexit$$00000003  c_p.l(rtexit2.o)
    0x00000164   0x00000006   Code   RO          299    .ARM.Collect$$rtexit$$00000004  c_p.l(rtexit2.o)
    0x0000016a   0x00000002   PAD
    0x0000016c   0x00000038   Code   RO          144    .emb_text           c_p.l(rand.o)
    0x000001a4   0x00000380   Code   RO            1    .text               project.o
    0x00000524   0x00000090   Code   RO           44    .text               init.o
    0x000005b4   0x0000005c   Code   RO           59  * .text               startup_nuc1xx.o
    0x00000610   0x00000930   Code   RO           64    .text               driver_m_dongle.o
    0x00000f40   0x00000bf0   Code   RO           93    .text               glcd_nwt.o
    0x00001b30   0x00000288   Code   RO          129    .text               m_dongle_nwt.o
    0x00001db8   0x00000040   Code   RO          145    .text               c_p.l(rand.o)
    0x00001df8   0x0000015a   Code   RO          149    .text               c_p.l(aeabi_sdiv.o)
    0x00001f52   0x00000006   Code   RO          153    .text               c_p.l(heapauxi.o)
    0x00001f58   0x00000160   Code   RO          163    .text               fz_ps.l(fdiv.o)
    0x000020b8   0x0000004c   Code   RO          166    .text               fz_ps.l(ffixi.o)
    0x00002104   0x0000005e   Code   RO          168    .text               fz_ps.l(fflti.o)
    0x00002162   0x00000002   PAD
    0x00002164   0x00000064   Code   RO          222    .text               fz_ps.l(fcmpin.o)
    0x000021c8   0x00000030   Code   RO          244    .text               fz_ps.l(cmpret.o)
    0x000021f8   0x00000010   Code   RO          246    .text               fz_ps.l(fnan2.o)
    0x00002208   0x0000003e   Code   RO          250    .text               c_p.l(sys_stackheap_outer.o)
    0x00002246   0x0000000c   Code   RO          253    .text               c_p.l(exit.o)
    0x00002252   0x0000005e   Code   RO          269    .text               fz_ps.l(retnan.o)
    0x000022b0   0x00000008   Code   RO          273    .text               c_p.l(libspace.o)
    0x000022b8   0x0000000c   Code   RO          291    .text               c_p.l(sys_exit.o)
    0x000022c4   0x00000002   Code   RO          293    .text               c_p.l(use_no_semi.o)
    0x000022c6   0x00000000   Code   RO          295    .text               c_p.l(indicate_semi.o)
    0x000022c6   0x0000001c   Code   RO           76    i.__ARM_common_switch8  driver_m_dongle.o
    0x000022e2   0x00000002   PAD
    0x000022e4   0x0000008c   Code   RO          157    x$fpl$fadd          fz_ps.l(faddsub.o)
    0x00002370   0x00000054   Code   RO          170    x$fpl$fleqf         fz_ps.l(flef.o)
    0x000023c4   0x000000b0   Code   RO          172    x$fpl$fmul          fz_ps.l(fmul.o)
    0x00002474   0x00000018   Code   RO          158    x$fpl$frsb          fz_ps.l(faddsub.o)
    0x0000248c   0x000000d0   Code   RO          159    x$fpl$fsub          fz_ps.l(faddsub.o)
    0x0000255c   0x00000000   Code   RO          224    x$fpl$usenofp       fz_ps.l(usenofp.o)
    0x0000255c   0x00000280   Data   RO           95    .constdata          glcd_nwt.o
    0x000027dc   0x00000040   Data   RO          164    .constdata          fz_ps.l(fdiv.o)
    0x0000281c   0x00000020   Data   RO          345    Region$$Table       anon$$obj.o


    Execution Region ER_RW (Base: 0x20000000, Size: 0x00000038, Max: 0xffffffff, ABSOLUTE)

    Base Addr    Size         Type   Attr      Idx    E Section Name        Object

    0x20000000   0x00000024   Data   RW           65    .data               driver_m_dongle.o
    0x20000024   0x00000010   Data   RW           96    .data               glcd_nwt.o
    0x20000034   0x00000001   Data   RW          130    .data               m_dongle_nwt.o


    Execution Region ER_ZI (Base: 0x20000038, Size: 0x00000948, Max: 0xffffffff, ABSOLUTE)

    Base Addr    Size         Type   Attr      Idx    E Section Name        Object

    0x20000038   0x00000400   Zero   RW           94    .bss                glcd_nwt.o
    0x20000438   0x000000e4   Zero   RW          146    .bss                c_p.l(rand.o)
    0x2000051c   0x00000060   Zero   RW          274    .bss                c_p.l(libspace.o)
    0x2000057c   0x00000004   PAD
    0x20000580   0x00000000   Zero   RW           57    HEAP                startup_nuc1xx.o
    0x20000580   0x00000400   Zero   RW           56    STACK               startup_nuc1xx.o


==============================================================================

Image component sizes


      Code (inc. data)   RO Data    RW Data    ZI Data      Debug   Object Name

      2380        104          0         36          0     133427   driver_m_dongle.o
      3056         96        640         16       1024       8730   glcd_nwt.o
       144          4          0          0          0        421   init.o
       648         14          0          1          0       2806   m_dongle_nwt.o
       896        170          0          0          0       5259   project.o
        92         42        192          0       1024        604   startup_nuc1xx.o

    ----------------------------------------------------------------------
      7218        430        864         56       2048     151247   Object Totals
         0          0         32          0          0          0   (incl. Generated)
         2          0          0          3          0          0   (incl. Padding)

    ----------------------------------------------------------------------

      Code (inc. data)   RO Data    RW Data    ZI Data      Debug   Library Member Name

         8          0          0          0          0         68   __main.o
        60          8          0          0          0          0   __scatter.o
        26          0          0          0          0          0   __scatter_copy.o
        28          0          0          0          0          0   __scatter_zi.o
       346          0          0          0          0         92   aeabi_sdiv.o
        12          0          0          0          0         64   exit.o
         6          0          0          0          0        136   heapauxi.o
         0          0          0          0          0          0   indicate_semi.o
         2          0          0          0          0          0   libinit.o
        10          0          0          0          0          0   libinit2.o
         2          0          0          0          0          0   libshutdown.o
         2          0          0          0          0          0   libshutdown2.o
         8          4          0          0         96         68   libspace.o
       120         18          0          0        228        156   rand.o
         0          0          0          0          0          0   rtentry.o
        12          0          0          0          0          0   rtentry2.o
         6          0          0          0          0          0   rtentry4.o
         2          0          0          0          0          0   rtexit.o
        10          0          0          0          0          0   rtexit2.o
        12          4          0          0          0         60   sys_exit.o
        62          0          0          0          0         80   sys_stackheap_outer.o
         2          0          0          0          0         68   use_no_semi.o
        48          6          0          0          0         60   cmpret.o
       372          8          0          0          0        240   faddsub.o
       100          4          0          0          0         68   fcmpin.o
       352          8         64          0          0         88   fdiv.o
        76          0          0          0          0         68   ffixi.o
        94          0          0          0          0         92   fflti.o
        84          4          0          0          0         76   flef.o
       176          4          0          0          0         80   fmul.o
        16          6          0          0          0         68   fnan2.o
        94          0          0          0          0         68   retnan.o
         0          0          0          0          0          0   usenofp.o

    ----------------------------------------------------------------------
      2154         74         64          0        328       1700   Library Totals
         6          0          0          0          4          0   (incl. Padding)

    ----------------------------------------------------------------------

      Code (inc. data)   RO Data    RW Data    ZI Data      Debug   Library Name

       736         34          0          0        324        792   c_p.l
      1412         40         64          0          0        908   fz_ps.l

    ----------------------------------------------------------------------
      2154         74         64          0        328       1700   Library Totals

    ----------------------------------------------------------------------

==============================================================================


      Code (inc. data)   RO Data    RW Data    ZI Data      Debug   

      9372        504        928         56       2376     151583   Grand Totals
      9372        504        928         56       2376     151583   ELF Image Totals
      9372        504        928         56          0          0   ROM Totals

==============================================================================

    Total RO  Size (Code + RO Data)                10300 (  10.06kB)
    Total RW  Size (RW Data + ZI Data)              2432 (   2.38kB)
    Total ROM Size (Code + RO Data + RW Data)      10356 (  10.11kB)

==============================================================================

